// Jest Snapshot v1, https://goo.gl/fbAQLP

exports[`Card component renders Card UI as expected 1`] = `
<div
  className="Card"
>
  <button
    type="button"
  >
    delete
  </button>
  <h3>
    Title
  </h3>
  <p>
    new content
  </p>
</div>
`;
